Flutter crash report.
Please report a bug at https://github.com/flutter/flutter/issues.

## command

flutter test --machine C:\Users\유태현\OneDrive\Desktop\Recall\test\recall_store_test.dart test\widget_test.dart

## exception

ShaderCompilerException: ShaderCompilerException: Shader compilation of "C:\Users\유태현\flutter\packages\flutter\lib\src\material\shaders\ink_sparkle.frag" to "build\unit_test_assets\shaders/ink_sparkle.frag" failed with exit code 3.
The shader compiler (impellerc) aborted during compilation.
Warning: The path contains non-ASCII characters, which is known to cause crashes on Windows.
Try moving your project to a path containing only ASCII characters.
Stderr:
[ERROR:flutter/fml/backtrace.cc(108)] Caught signal SIGSEGV during program execution.
Frame 0: 00007FF9FD7254FF _chkstk
Frame 1: 00007FF9FD68BD25 RtlWow64GetCurrentMachine
Frame 2: 00007FF9FD724E3E KiUserExceptionDispatcher


```
#0      ShaderCompiler.compileShader (package:flutter_tools/src/build_system/tools/shader_compiler.dart:311:11)
<asynchronous suspension>
#1      writeBundle.<anonymous closure> (package:flutter_tools/src/bundle_builder.dart:229:25)
<asynchronous suspension>
#2      Future.wait.<anonymous closure> (dart:async/future.dart:567:21)
<asynchronous suspension>
#3      writeBundle (package:flutter_tools/src/bundle_builder.dart:173:3)
<asynchronous suspension>
#4      TestCommand._buildTestAsset (package:flutter_tools/src/commands/test.dart:811:7)
<asynchronous suspension>
#5      TestCommand.runCommand (package:flutter_tools/src/commands/test.dart:507:7)
<asynchronous suspension>
#6      FlutterCommand.run.<anonymous closure> (package:flutter_tools/src/runner/flutter_command.dart:1663:27)
<asynchronous suspension>
#7      AppContext.run.<anonymous closure> (package:flutter_tools/src/base/context.dart:154:19)
<asynchronous suspension>
#8      CommandRunner.runCommand (package:args/command_runner.dart:212:13)
<asynchronous suspension>
#9      FlutterCommandRunner.runCommand.<anonymous closure> (package:flutter_tools/src/runner/flutter_command_runner.dart:496:9)
<asynchronous suspension>
#10     AppContext.run.<anonymous closure> (package:flutter_tools/src/base/context.dart:154:19)
<asynchronous suspension>
#11     FlutterCommandRunner.runCommand (package:flutter_tools/src/runner/flutter_command_runner.dart:431:5)
<asynchronous suspension>
#12     FlutterCommandRunner.run.<anonymous closure> (package:flutter_tools/src/runner/flutter_command_runner.dart:307:33)
<asynchronous suspension>
#13     run.<anonymous closure>.<anonymous closure> (package:flutter_tools/runner.dart:104:11)
<asynchronous suspension>
#14     AppContext.run.<anonymous closure> (package:flutter_tools/src/base/context.dart:154:19)
<asynchronous suspension>
#15     main (package:flutter_tools/executable.dart:103:3)
<asynchronous suspension>
```

## flutter doctor

```
[!] Flutter (Channel stable, 3.47.6, on Microsoft Windows [Version 10.0.26200.9457], locale ko-KR) [330ms]
    • Flutter version 3.47.6 on channel stable at C:\Users\유태현\flutter
    ! The flutter binary is not on your path. Consider adding C:\Users\유태현\flutter\bin to your path.
    ! The dart binary is not on your path. Consider adding C:\Users\유태현\flutter\bin to your path.
    • Upstream repository https://github.com/flutter/flutter.git
    • Framework revision 5fc346839b (7 days ago), 2026-09-30 15:02:49 -0700
    • Engine revision 692136cb65
    • Dart version 3.13.5
    • DevTools version 2.60.0
    • Feature flags: enable-web, enable-linux-desktop, enable-macos-desktop, enable-windows-desktop, enable-android, enable-ios, cli-animations, enable-native-assets, enable-record-use, enable-swift-package-manager, omit-legacy-version-file, enable-lldb-debugging, enable-uiscene-migration
    • If those were intentional, you can disregard the above warnings; however it is recommended to use "git" directly to perform update checks and upgrades.

[✓] Windows Version (Windows 11 or higher, 25H2, 2009) [1,576ms]

[✗] Android toolchain - develop for Android devices [15ms]
    ✗ Unable to locate Android SDK.
      Install Android Studio from: https://developer.android.com/studio/index.html
      On first launch it will assist you in installing the Android SDK components.
      (or visit https://flutter.dev/to/windows-android-setup for detailed instructions).
      If the Android SDK has been installed to a custom location, please use
      `flutter config --android-sdk` to update to that location.


[✓] Chrome - develop for the web [8ms]
    • Chrome at C:\Program Files\Google\Chrome\Application\chrome.exe

[✗] Visual Studio - develop Windows apps [7ms]
    ✗ Visual Studio not installed; this is necessary to develop Windows apps.
      Download at https://visualstudio.microsoft.com/downloads/.
      Please install the "Desktop development with C++" workload, including all of its default components

[✓] Connected device (3 available) [180ms]
    • Windows (desktop) • windows • windows-x64    • Microsoft Windows [Version 10.0.26200.9457]
    • Chrome (web)      • chrome  • web-javascript • Google Chrome 154.0.8037.98
    • Edge (web)        • edge    • web-javascript • Microsoft Edge 154.0.4258.62

[✓] Network resources [1,060ms]
    • All expected network resources are available.

! Doctor found issues in 3 categories.
```
